Component: Arm Compiler for Embedded 6.19 Tool: armlink [5e73cb00]

==============================================================================

Section Cross References

    osekintro_example1.o(.text) refers to task.o(.text) for StartOS
    osekintro_example1.o(.text) refers to osekintro_example1.o(.bss.TaskA_Counter) for TaskA_Counter
    osekintro_example1.o(.text) refers to osekintro_example1.o(.bss.TaskB_Counter) for TaskB_Counter
    osekintro_example1.o(.text) refers to osekintro_example1.o(.bss.TaskC_Counter) for TaskC_Counter
    osekintro_example1.o(.ARM.exidx) refers to osekintro_example1.o(.text) for [Anonymous Symbol]
    oscfg.o(.data.OsCfg_TCBs) refers to osekintro_example1.o(.text) for OsTask_TaskA
    oscfg.o(.data.OsCfg_TCBs) refers to task.o(.text) for OsTask_IdleMechanism
    counter.o(.text) refers to oscfg.o(.rodata.OsCfg_SYSTEM_TICK_IN_MS) for OsCfg_SYSTEM_TICK_IN_MS
    counter.o(.text) refers to counter.o(.bss.OsCnt_SystemCounter) for OsCnt_SystemCounter
    counter.o(.ARM.exidx) refers to counter.o(.text) for [Anonymous Symbol]
    keiluvisoin_startup.o(RESET) refers to keiluvisoin_startup.o(STACK) for __initial_sp
    keiluvisoin_startup.o(RESET) refers to keiluvisoin_startup.o(.text) for Reset_Handler
    keiluvisoin_startup.o(RESET) refers to task.o(.text) for SVC_Dispatcher
    keiluvisoin_startup.o(RESET) refers to port.o(.text) for OsPort_PendSVHandler
    keiluvisoin_startup.o(RESET) refers to alarm.o(.text) for SystemTimerHandler
    keiluvisoin_startup.o(.text) refers to osekintro_example1.o(.text) for SystemInit
    keiluvisoin_startup.o(.text) refers to entry.o(.ARM.Collect$$$$00000000) for __main
    hook.o(.ARM.exidx) refers to hook.o(.text) for [Anonymous Symbol]
    alarm.o(.text) refers to counter.o(.text) for OsCnt_GetSystemCounter
    alarm.o(.text) refers to tcbprocessor.o(.text) for OsTcb_GetTaskStateProcessor
    alarm.o(.text) refers to errmgr.o(.text) for OsErrMgr_SetServiceID
    alarm.o(.text) refers to hook.o(.text) for ErrorHook
    alarm.o(.text) refers to port.o(.text) for OsPort_PushUpperContext
    alarm.o(.text) refers to oscfg.o(.bss.OsCfg_Alarms) for OsCfg_Alarms
    alarm.o(.text) refers to oscfg.o(.rodata.OsCfg_USE_ERROR_HOOK) for OsCfg_USE_ERROR_HOOK
    alarm.o(.text) refers to oscfg.o(.rodata.OsCfg_USE_POSTTASK_HOOK) for OsCfg_USE_POSTTASK_HOOK
    alarm.o(.text) refers to oscfg.o(.rodata.OsCfg_MAX_NUM_OF_ALARMS) for OsCfg_MAX_NUM_OF_ALARMS
    task.o(.text) refers to tcbprocessor.o(.text) for OsTcb_TasksInit
    task.o(.text) refers to hook.o(.text) for StartupHook
    task.o(.text) refers to counter.o(.text) for SysTick_Init
    task.o(.text) refers to port.o(.text) for OsPort_JumpToApp
    task.o(.text) refers to svccontext.o(.text) for SVCCnxt_TskMgrSetTskID
    task.o(.text) refers to portable.o(.text) for OsPort_GetPSP
    task.o(.text) refers to rcbprocessor.o(.text) for OsRes_GetResourceProcessor
    task.o(.text) refers to oscfg.o(.rodata.OsCfg_USE_STARTUP_HOOK) for OsCfg_USE_STARTUP_HOOK
    task.o(.text) refers to oscfg.o(.rodata.OsCfg_USE_STACK_OVER_FLOW_HOOK) for OsCfg_USE_STACK_OVER_FLOW_HOOK
    task.o(.text) refers to oscfg.o(.rodata.OsCfg_USE_POSTTASK_HOOK) for OsCfg_USE_POSTTASK_HOOK
    port.o(.text) refers to portable.o(.text) for OsPort_SetThreadMode
    port.o(.text) refers to tcbprocessor.o(.text) for OsTcb_GetCurrentTCBRef
    errmgr.o(.text) refers to errmgr.o(.data) for OsErrMgr_DetectedService
    rcbprocessor.o(.text) refers to tcbprocessor.o(.text) for OsTcb_GetTaskIDProcessor
    rcbprocessor.o(.text) refers to svccontext.o(.text) for SVCCnxt_ResMgrGetResID
    rcbprocessor.o(.text) refers to errmgr.o(.text) for OsErrMgr_SetServiceID
    rcbprocessor.o(.text) refers to hook.o(.text) for ErrorHook
    rcbprocessor.o(.text) refers to oscfg.o(.rodata.OsCfg_MAX_NUM_OF_RESOURCES) for OsCfg_MAX_NUM_OF_RESOURCES
    rcbprocessor.o(.text) refers to oscfg.o(.rodata.OsCfg_ResourceTaskAuthorized) for OsCfg_ResourceTaskAuthorized
    rcbprocessor.o(.text) refers to oscfg.o(.bss.RCB) for RCB
    rcbprocessor.o(.text) refers to oscfg.o(.rodata.OsCfg_ResourceCeilPri) for OsCfg_ResourceCeilPri
    rcbprocessor.o(.text) refers to oscfg.o(.rodata.OsCfg_USE_ERROR_HOOK) for OsCfg_USE_ERROR_HOOK
    svccontext.o(.text) refers to oscfg.o(.bss.SVCCnxt_ErrCodes) for SVCCnxt_ErrCodes
    svccontext.o(.text) refers to svccontext.o(.data) for SVCCnxt_TskMgrCnxt
    svccontext.o(.text) refers to oscfg.o(.bss.SVCCnxt_ResMgrCnxt) for SVCCnxt_ResMgrCnxt
    tcbprocessor.o(.text) refers to svccontext.o(.text) for SVCCnxt_TskMgrGetTskID
    tcbprocessor.o(.text) refers to errmgr.o(.text) for OsErrMgr_SetServiceID
    tcbprocessor.o(.text) refers to hook.o(.text) for ErrorHook
    tcbprocessor.o(.text) refers to portable.o(.text) for OsPort_SetInitialStack
    tcbprocessor.o(.text) refers to oscfg.o(.data.OsCfg_TCBs) for OsCfg_TCBs
    tcbprocessor.o(.text) refers to oscfg.o(.rodata.OsCfg_USE_STACK_OVER_FLOW_HOOK) for OsCfg_USE_STACK_OVER_FLOW_HOOK
    tcbprocessor.o(.text) refers to oscfg.o(.rodata.OsCfg_StackSize) for OsCfg_StackSize
    tcbprocessor.o(.text) refers to oscfg.o(.bss.OsCfg_Stack) for OsCfg_Stack
    tcbprocessor.o(.text) refers to oscfg.o(.rodata.OsCfg_MAX_NUM_OF_TASKS) for OsCfg_MAX_NUM_OF_TASKS
    tcbprocessor.o(.text) refers to tcbprocessor.o(.data) for TcbProcessor_RunningTaskID
    tcbprocessor.o(.text) refers to oscfg.o(.rodata.OsCfg_USE_ERROR_HOOK) for OsCfg_USE_ERROR_HOOK
    tcbprocessor.o(.text) refers to oscfg.o(.rodata.OsCfg_USE_POSTTASK_HOOK) for OsCfg_USE_POSTTASK_HOOK
    tcbprocessor.o(.text) refers to oscfg.o(.rodata.OsCfg_USE_PRETASK_HOOK) for OsCfg_USE_PRETASK_HOOK
    tcbprocessor.o(.text) refers to oscfg.o(.rodata.OsCfg_ALL_STACK_SIZE) for OsCfg_ALL_STACK_SIZE
    tcbprocessor.o(.text) refers to task.o(.text) for OsTask_IdleMechanism
    tcbprocessor.o(.data) refers to oscfg.o(.data.OsCfg_TCBs) for OsCfg_TCBs
    entry.o(.ARM.Collect$$$$00000000) refers (Special) to entry10a.o(.ARM.Collect$$$$0000000D) for __rt_final_cpp
    entry.o(.ARM.Collect$$$$00000000) refers (Special) to entry11a.o(.ARM.Collect$$$$0000000F) for __rt_final_exit
    entry.o(.ARM.Collect$$$$00000000) refers (Special) to entry7b.o(.ARM.Collect$$$$00000008) for _main_clock
    entry.o(.ARM.Collect$$$$00000000) refers (Special) to entry8b.o(.ARM.Collect$$$$0000000A) for _main_cpp_init
    entry.o(.ARM.Collect$$$$00000000) refers (Special) to entry9a.o(.ARM.Collect$$$$0000000B) for _main_init
    entry.o(.ARM.Collect$$$$00000000) refers (Special) to entry5.o(.ARM.Collect$$$$00000004) for _main_scatterload
    entry.o(.ARM.Collect$$$$00000000) refers (Special) to entry2.o(.ARM.Collect$$$$00000001) for _main_stk
    entry2.o(.ARM.Collect$$$$00000001) refers to entry2.o(.ARM.Collect$$$$00002712) for __lit__00000000
    entry2.o(.ARM.Collect$$$$00002712) refers to keiluvisoin_startup.o(STACK) for __initial_sp
    entry2.o(__vectab_stack_and_reset_area) refers to keiluvisoin_startup.o(STACK) for __initial_sp
    entry2.o(__vectab_stack_and_reset_area) refers to entry.o(.ARM.Collect$$$$00000000) for __main
    entry5.o(.ARM.Collect$$$$00000004) refers to init.o(.text) for __scatterload
    entry9a.o(.ARM.Collect$$$$0000000B) refers to osekintro_example1.o(.text) for main
    entry9b.o(.ARM.Collect$$$$0000000C) refers to osekintro_example1.o(.text) for main
    init.o(.text) refers to entry5.o(.ARM.Collect$$$$00000004) for __main_after_scatterload


==============================================================================

Removing Unused input sections from the image.

    Removing osekintro_example1.o(.ARM.exidx), (40 bytes).
    Removing osekintro_example1.o(.ARM.use_no_argv), (4 bytes).
    Removing oscfg.o(.text), (0 bytes).
    Removing oscfg.o(.rodata.OsCfg_USE_PARAMETER_ACCESS), (1 bytes).
    Removing oscfg.o(.rodata.OsCfg_USE_GET_SERVICE_ID), (1 bytes).
    Removing oscfg.o(.rodata.OSTICKDURATION), (4 bytes).
    Removing counter.o(.ARM.exidx), (24 bytes).
    Removing keiluvisoin_startup.o(HEAP), (0 bytes).
    Removing hook.o(.ARM.exidx), (40 bytes).

9 unused section(s) (total 114 bytes) removed from the image.

==============================================================================

Image Symbol Table

    Local Symbols

    Symbol Name                              Value     Ov Type        Size  Object(Section)

    ../../OsekLib/startup/keilUvisoin_startup.s 0x00000000   Number         0  keiluvisoin_startup.o ABSOLUTE
    ../clib/microlib/init/entry.s            0x00000000   Number         0  entry.o ABSOLUTE
    ../clib/microlib/init/entry.s            0x00000000   Number         0  entry2.o ABSOLUTE
    ../clib/microlib/init/entry.s            0x00000000   Number         0  entry5.o ABSOLUTE
    ../clib/microlib/init/entry.s            0x00000000   Number         0  entry7a.o ABSOLUTE
    ../clib/microlib/init/entry.s            0x00000000   Number         0  entry7b.o ABSOLUTE
    ../clib/microlib/init/entry.s            0x00000000   Number         0  entry8a.o ABSOLUTE
    ../clib/microlib/init/entry.s            0x00000000   Number         0  entry8b.o ABSOLUTE
    ../clib/microlib/init/entry.s            0x00000000   Number         0  entry9a.o ABSOLUTE
    ../clib/microlib/init/entry.s            0x00000000   Number         0  entry9b.o ABSOLUTE
    ../clib/microlib/init/entry.s            0x00000000   Number         0  entry10a.o ABSOLUTE
    ../clib/microlib/init/entry.s            0x00000000   Number         0  entry10b.o ABSOLUTE
    ../clib/microlib/init/entry.s            0x00000000   Number         0  entry11a.o ABSOLUTE
    ../clib/microlib/init/entry.s            0x00000000   Number         0  entry11b.o ABSOLUTE
    OsCfg.c                                  0x00000000   Number         0  oscfg.o ABSOLUTE
    OsekIntro_Example1.c                     0x00000000   Number         0  osekintro_example1.o ABSOLUTE
    counter.c                                0x00000000   Number         0  counter.o ABSOLUTE
    dc.s                                     0x00000000   Number         0  dc.o ABSOLUTE
    handlers.s                               0x00000000   Number         0  handlers.o ABSOLUTE
    hook.c                                   0x00000000   Number         0  hook.o ABSOLUTE
    init.s                                   0x00000000   Number         0  init.o ABSOLUTE
    src\ErrMgr.c                             0x00000000   Number         0  errmgr.o ABSOLUTE
    src\RcbProcessor.c                       0x00000000   Number         0  rcbprocessor.o ABSOLUTE
    src\SVCContext.c                         0x00000000   Number         0  svccontext.o ABSOLUTE
    src\TcbProcessor.c                       0x00000000   Number         0  tcbprocessor.o ABSOLUTE
    src\alarm.c                              0x00000000   Number         0  alarm.o ABSOLUTE
    src\portable\Keil\port.s                 0x00000000   Number         0  port.o ABSOLUTE
    src\portable\Keil\portable.c             0x00000000   Number         0  portable.o ABSOLUTE
    src\task.c                               0x00000000   Number         0  task.o ABSOLUTE
    RESET                                    0x00000000   Section      620  keiluvisoin_startup.o(RESET)
    .ARM.Collect$$$$00000000                 0x0000026c   Section        0  entry.o(.ARM.Collect$$$$00000000)
    .ARM.Collect$$$$00000001                 0x0000026c   Section        4  entry2.o(.ARM.Collect$$$$00000001)
    .ARM.Collect$$$$00000004                 0x00000270   Section        4  entry5.o(.ARM.Collect$$$$00000004)
    .ARM.Collect$$$$00000008                 0x00000274   Section        0  entry7b.o(.ARM.Collect$$$$00000008)
    .ARM.Collect$$$$0000000A                 0x00000274   Section        0  entry8b.o(.ARM.Collect$$$$0000000A)
    .ARM.Collect$$$$0000000B                 0x00000274   Section        8  entry9a.o(.ARM.Collect$$$$0000000B)
    __lit__00000000                          0x0000027c   Data           4  entry2.o(.ARM.Collect$$$$00002712)
    .ARM.Collect$$$$0000000D                 0x0000027c   Section        0  entry10a.o(.ARM.Collect$$$$0000000D)
    .ARM.Collect$$$$0000000F                 0x0000027c   Section        0  entry11a.o(.ARM.Collect$$$$0000000F)
    .ARM.Collect$$$$00002712                 0x0000027c   Section        4  entry2.o(.ARM.Collect$$$$00002712)
    [Anonymous Symbol]                       0x00000280   Section        0  osekintro_example1.o(.text)
    [Anonymous Symbol]                       0x000002d0   Section        0  counter.o(.text)
    .text                                    0x0000033c   Section      252  keiluvisoin_startup.o(.text)
    [Anonymous Symbol]                       0x00000438   Section        0  hook.o(.text)
    .text                                    0x0000044c   Section        0  alarm.o(.text)
    OsAlrm_AssignAlarmEntry                  0x000004e9   Thumb Code    38  alarm.o(.text)
    OsAlrm_ValidateStartValue                0x0000050f   Thumb Code    44  alarm.o(.text)
    OsAlrm_ValidateCycle                     0x0000053b   Thumb Code    46  alarm.o(.text)
    OsAlrm_AlarmActionExecute                0x0000063b   Thumb Code   200  alarm.o(.text)
    OsAlrm_AlarmFireProcessor                0x00000703   Thumb Code    82  alarm.o(.text)
    SystemAlarmsProcessor                    0x00000755   Thumb Code    74  alarm.o(.text)
    OsAlrm_ValidateID                        0x000007cb   Thumb Code    16  alarm.o(.text)
    OsAlrm_GetFirePoint                      0x000007db   Thumb Code    14  alarm.o(.text)
    OsAlrm_AlarmIsEnabled                    0x000007e9   Thumb Code    16  alarm.o(.text)
    OsAlrm_DisableAlarm                      0x000007f9   Thumb Code    16  alarm.o(.text)
    OsAlrm_GetAlrmTaskID                     0x00000809   Thumb Code    16  alarm.o(.text)
    .text                                    0x0000082c   Section        0  task.o(.text)
    .text                                    0x00000994   Section       90  port.o(.text)
    .text                                    0x000009f0   Section        0  errmgr.o(.text)
    .text                                    0x00000a4c   Section        0  rcbprocessor.o(.text)
    .text                                    0x00000b68   Section        0  svccontext.o(.text)
    OsTcb_SetInitialStack                    0x00000bc1   Thumb Code   252  tcbprocessor.o(.text)
    .text                                    0x00000bc0   Section        0  tcbprocessor.o(.text)
    OsTcb_StackPointersInit                  0x00000cbd   Thumb Code   110  tcbprocessor.o(.text)
    OsTcb_SetTaskState                       0x00000d5b   Thumb Code    20  tcbprocessor.o(.text)
    OsTcb_ResetTaskEvent                     0x00000d85   Thumb Code    26  tcbprocessor.o(.text)
    OsTcb_ResetTCB                           0x00000e1b   Thumb Code    66  tcbprocessor.o(.text)
    OsTcb_CheckEventTrigger                  0x0000107b   Thumb Code    42  tcbprocessor.o(.text)
    OsTcb_SetTaskEvent                       0x000010a5   Thumb Code    30  tcbprocessor.o(.text)
    OsTcb_StackCanarInit                     0x0000147d   Thumb Code   114  tcbprocessor.o(.text)
    OsTcb_IdleTaskInit                       0x000014ef   Thumb Code   144  tcbprocessor.o(.text)
    OsTcb_GetTaskPriority                    0x0000157f   Thumb Code    16  tcbprocessor.o(.text)
    OsTcb_TaskModelIsBasic                   0x0000158f   Thumb Code    24  tcbprocessor.o(.text)
    OsTcb_TaskIDValid                        0x000015a7   Thumb Code    18  tcbprocessor.o(.text)
    OsTcb_SetCurrentTCBRef                   0x000015b9   Thumb Code    16  tcbprocessor.o(.text)
    .text                                    0x000015f8   Section        0  portable.o(.text)
    .text                                    0x0000167c   Section       36  init.o(.text)
    i.__scatterload_copy                     0x000016a0   Section       14  handlers.o(i.__scatterload_copy)
    i.__scatterload_null                     0x000016ae   Section        2  handlers.o(i.__scatterload_null)
    i.__scatterload_zeroinit                 0x000016b0   Section       14  handlers.o(i.__scatterload_zeroinit)
    OsErrMgr_DetectedService                 0x20000000   Data           1  errmgr.o(.data)
    .data                                    0x20000000   Section       12  errmgr.o(.data)
    OsErrMgr_DetectedTaskID                  0x20000001   Data           1  errmgr.o(.data)
    OsErrMgr_DetectedEventID                 0x20000002   Data           1  errmgr.o(.data)
    OSErrMgr_DetectedResID                   0x20000003   Data           1  errmgr.o(.data)
    OsErrMgr_OverflowContext                 0x20000004   Data           8  errmgr.o(.data)
    SVCCnxt_TskMgrCnxt                       0x2000000c   Data           1  svccontext.o(.data)
    .data                                    0x2000000c   Section        3  svccontext.o(.data)
    SVCCnxt_EventMgrCnxt                     0x2000000d   Data           2  svccontext.o(.data)
    .data                                    0x20000010   Section        6  tcbprocessor.o(.data)
    TcbProcessor_RunningTaskID               0x20000014   Data           1  tcbprocessor.o(.data)
    PreTaskHookIsSilent                      0x20000015   Data           1  tcbprocessor.o(.data)
    OsCnt_SystemCounter                      0x20000338   Data           4  counter.o(.bss.OsCnt_SystemCounter)
    [Anonymous Symbol]                       0x20000338   Section        0  counter.o(.bss.OsCnt_SystemCounter)
    STACK                                    0x20000350   Section      512  keiluvisoin_startup.o(STACK)

    Global Symbols

    Symbol Name                              Value     Ov Type        Size  Object(Section)

    BuildAttributes$$THM_ISAv4$E$P$D$K$B$S$7EM$PE$A:L22UL41UL21$X:L11$S22US41US21$IEEE1$IW$~IW$USESV6$~STKCKD$USESV7$~SHL$OTIME$EBA8$MICROLIB$REQ8$PRES8$EABIv2 0x00000000   Number         0  anon$$obj.o ABSOLUTE
    __Vectors                                0x00000000   Data           4  keiluvisoin_startup.o(RESET)
    __cpp_initialize__aeabi_                  - Undefined Weak Reference
    __cxa_finalize                            - Undefined Weak Reference
    __decompress                              - Undefined Weak Reference
    _clock_init                               - Undefined Weak Reference
    _microlib_exit                            - Undefined Weak Reference
    __Vectors_End                            0x0000026c   Data           0  keiluvisoin_startup.o(RESET)
    __Vectors_Size                           0x0000026c   Number         0  keiluvisoin_startup.o ABSOLUTE
    __main                                   0x0000026d   Thumb Code     0  entry.o(.ARM.Collect$$$$00000000)
    _main_stk                                0x0000026d   Thumb Code     0  entry2.o(.ARM.Collect$$$$00000001)
    _main_scatterload                        0x00000271   Thumb Code     0  entry5.o(.ARM.Collect$$$$00000004)
    __main_after_scatterload                 0x00000275   Thumb Code     0  entry5.o(.ARM.Collect$$$$00000004)
    _main_clock                              0x00000275   Thumb Code     0  entry7b.o(.ARM.Collect$$$$00000008)
    _main_cpp_init                           0x00000275   Thumb Code     0  entry8b.o(.ARM.Collect$$$$0000000A)
    _main_init                               0x00000275   Thumb Code     0  entry9a.o(.ARM.Collect$$$$0000000B)
    __rt_final_cpp                           0x0000027d   Thumb Code     0  entry10a.o(.ARM.Collect$$$$0000000D)
    __rt_final_exit                          0x0000027d   Thumb Code     0  entry11a.o(.ARM.Collect$$$$0000000F)
    SystemInit                               0x00000281   Thumb Code     2  osekintro_example1.o(.text)
    main                                     0x00000285   Thumb Code     6  osekintro_example1.o(.text)
    OsTask_TaskA                             0x0000028d   Thumb Code    28  osekintro_example1.o(.text)
    OsTask_TaskB                             0x000002a9   Thumb Code    18  osekintro_example1.o(.text)
    OsTask_TaskC                             0x000002bd   Thumb Code    18  osekintro_example1.o(.text)
    SysTick_Init                             0x000002d1   Thumb Code    78  counter.o(.text)
    OsCnt_IncrSystemCounter                  0x00000321   Thumb Code    16  counter.o(.text)
    OsCnt_GetSystemCounter                   0x00000331   Thumb Code    12  counter.o(.text)
    Reset_Handler                            0x0000033d   Thumb Code     8  keiluvisoin_startup.o(.text)
    NMI_Handler                              0x00000345   Thumb Code     2  keiluvisoin_startup.o(.text)
    HardFault_Handler                        0x00000347   Thumb Code     2  keiluvisoin_startup.o(.text)
    MemManage_Handler                        0x00000349   Thumb Code     2  keiluvisoin_startup.o(.text)
    BusFault_Handler                         0x0000034b   Thumb Code     2  keiluvisoin_startup.o(.text)
    UsageFault_Handler                       0x0000034d   Thumb Code     2  keiluvisoin_startup.o(.text)
    SVC_Handler                              0x0000034f   Thumb Code     2  keiluvisoin_startup.o(.text)
    DebugMon_Handler                         0x00000351   Thumb Code     2  keiluvisoin_startup.o(.text)
    PendSV_Handler                           0x00000353   Thumb Code     2  keiluvisoin_startup.o(.text)
    SysTick_Handler                          0x00000355   Thumb Code     2  keiluvisoin_startup.o(.text)
    GPIOA_Handler                            0x00000357   Thumb Code     2  keiluvisoin_startup.o(.text)
    GPIOB_Handler                            0x00000359   Thumb Code     2  keiluvisoin_startup.o(.text)
    GPIOC_Handler                            0x0000035b   Thumb Code     2  keiluvisoin_startup.o(.text)
    GPIOD_Handler                            0x0000035d   Thumb Code     2  keiluvisoin_startup.o(.text)
    GPIOE_Handler                            0x0000035f   Thumb Code     2  keiluvisoin_startup.o(.text)
    UART0_Handler                            0x00000361   Thumb Code     2  keiluvisoin_startup.o(.text)
    UART1_Handler                            0x00000363   Thumb Code     2  keiluvisoin_startup.o(.text)
    SSI0_Handler                             0x00000365   Thumb Code     2  keiluvisoin_startup.o(.text)
    I2C0_Handler                             0x00000367   Thumb Code     2  keiluvisoin_startup.o(.text)
    PMW0_FAULT_Handler                       0x00000369   Thumb Code     2  keiluvisoin_startup.o(.text)
    PWM0_0_Handler                           0x0000036b   Thumb Code     2  keiluvisoin_startup.o(.text)
    PWM0_1_Handler                           0x0000036d   Thumb Code     2  keiluvisoin_startup.o(.text)
    PWM0_2_Handler                           0x0000036f   Thumb Code     2  keiluvisoin_startup.o(.text)
    QEI0_Handler                             0x00000371   Thumb Code     2  keiluvisoin_startup.o(.text)
    ADC0SS0_Handler                          0x00000373   Thumb Code     2  keiluvisoin_startup.o(.text)
    ADC0SS1_Handler                          0x00000375   Thumb Code     2  keiluvisoin_startup.o(.text)
    ADC0SS2_Handler                          0x00000377   Thumb Code     2  keiluvisoin_startup.o(.text)
    ADC0SS3_Handler                          0x00000379   Thumb Code     2  keiluvisoin_startup.o(.text)
    WDT0_Handler                             0x0000037b   Thumb Code     2  keiluvisoin_startup.o(.text)
    TIMER0A_Handler                          0x0000037d   Thumb Code     2  keiluvisoin_startup.o(.text)
    TIMER0B_Handler                          0x0000037f   Thumb Code     2  keiluvisoin_startup.o(.text)
    TIMER1A_Handler                          0x00000381   Thumb Code     2  keiluvisoin_startup.o(.text)
    TIMER1B_Handler                          0x00000383   Thumb Code     2  keiluvisoin_startup.o(.text)
    TIMER2A_Handler                          0x00000385   Thumb Code     2  keiluvisoin_startup.o(.text)
    TIMER2B_Handler                          0x00000387   Thumb Code     2  keiluvisoin_startup.o(.text)
    COMP0_Handler                            0x00000389   Thumb Code     2  keiluvisoin_startup.o(.text)
    COMP1_Handler                            0x0000038b   Thumb Code     2  keiluvisoin_startup.o(.text)
    COMP2_Handler                            0x0000038d   Thumb Code     2  keiluvisoin_startup.o(.text)
    SYSCTL_Handler                           0x0000038f   Thumb Code     2  keiluvisoin_startup.o(.text)
    FLASH_Handler                            0x00000391   Thumb Code     2  keiluvisoin_startup.o(.text)
    GPIOF_Handler                            0x00000393   Thumb Code     2  keiluvisoin_startup.o(.text)
    GPIOG_Handler                            0x00000395   Thumb Code     2  keiluvisoin_startup.o(.text)
    GPIOH_Handler                            0x00000397   Thumb Code     2  keiluvisoin_startup.o(.text)
    UART2_Handler                            0x00000399   Thumb Code     2  keiluvisoin_startup.o(.text)
    SSI1_Handler                             0x0000039b   Thumb Code     2  keiluvisoin_startup.o(.text)
    TIMER3A_Handler                          0x0000039d   Thumb Code     2  keiluvisoin_startup.o(.text)
    TIMER3B_Handler                          0x0000039f   Thumb Code     2  keiluvisoin_startup.o(.text)
    I2C1_Handler                             0x000003a1   Thumb Code     2  keiluvisoin_startup.o(.text)
    QEI1_Handler                             0x000003a3   Thumb Code     2  keiluvisoin_startup.o(.text)
    CAN0_Handler                             0x000003a5   Thumb Code     2  keiluvisoin_startup.o(.text)
    CAN1_Handler                             0x000003a7   Thumb Code     2  keiluvisoin_startup.o(.text)
    CAN2_Handler                             0x000003a9   Thumb Code     2  keiluvisoin_startup.o(.text)
    HIB_Handler                              0x000003ab   Thumb Code     2  keiluvisoin_startup.o(.text)
    USB0_Handler                             0x000003ad   Thumb Code     2  keiluvisoin_startup.o(.text)
    PWM0_3_Handler                           0x000003af   Thumb Code     2  keiluvisoin_startup.o(.text)
    UDMA_Handler                             0x000003b1   Thumb Code     2  keiluvisoin_startup.o(.text)
    UDMAERR_Handler                          0x000003b3   Thumb Code     2  keiluvisoin_startup.o(.text)
    ADC1SS0_Handler                          0x000003b5   Thumb Code     2  keiluvisoin_startup.o(.text)
    ADC1SS1_Handler                          0x000003b7   Thumb Code     2  keiluvisoin_startup.o(.text)
    ADC1SS2_Handler                          0x000003b9   Thumb Code     2  keiluvisoin_startup.o(.text)
    ADC1SS3_Handler                          0x000003bb   Thumb Code     2  keiluvisoin_startup.o(.text)
    GPIOJ_Handler                            0x000003bd   Thumb Code     2  keiluvisoin_startup.o(.text)
    GPIOK_Handler                            0x000003bf   Thumb Code     2  keiluvisoin_startup.o(.text)
    GPIOL_Handler                            0x000003c1   Thumb Code     2  keiluvisoin_startup.o(.text)
    SSI2_Handler                             0x000003c3   Thumb Code     2  keiluvisoin_startup.o(.text)
    SSI3_Handler                             0x000003c5   Thumb Code     2  keiluvisoin_startup.o(.text)
    UART3_Handler                            0x000003c7   Thumb Code     2  keiluvisoin_startup.o(.text)
    UART4_Handler                            0x000003c9   Thumb Code     2  keiluvisoin_startup.o(.text)
    UART5_Handler                            0x000003cb   Thumb Code     2  keiluvisoin_startup.o(.text)
    UART6_Handler                            0x000003cd   Thumb Code     2  keiluvisoin_startup.o(.text)
    UART7_Handler                            0x000003cf   Thumb Code     2  keiluvisoin_startup.o(.text)
    I2C2_Handler                             0x000003d1   Thumb Code     2  keiluvisoin_startup.o(.text)
    I2C3_Handler                             0x000003d3   Thumb Code     2  keiluvisoin_startup.o(.text)
    TIMER4A_Handler                          0x000003d5   Thumb Code     2  keiluvisoin_startup.o(.text)
    TIMER4B_Handler                          0x000003d7   Thumb Code     2  keiluvisoin_startup.o(.text)
    TIMER5A_Handler                          0x000003d9   Thumb Code     2  keiluvisoin_startup.o(.text)
    TIMER5B_Handler                          0x000003db   Thumb Code     2  keiluvisoin_startup.o(.text)
    WTIMER0A_Handler                         0x000003dd   Thumb Code     2  keiluvisoin_startup.o(.text)
    WTIMER0B_Handler                         0x000003df   Thumb Code     2  keiluvisoin_startup.o(.text)
    WTIMER1A_Handler                         0x000003e1   Thumb Code     2  keiluvisoin_startup.o(.text)
    WTIMER1B_Handler                         0x000003e3   Thumb Code     2  keiluvisoin_startup.o(.text)
    WTIMER2A_Handler                         0x000003e5   Thumb Code     2  keiluvisoin_startup.o(.text)
    WTIMER2B_Handler                         0x000003e7   Thumb Code     2  keiluvisoin_startup.o(.text)
    WTIMER3A_Handler                         0x000003e9   Thumb Code     2  keiluvisoin_startup.o(.text)
    WTIMER3B_Handler                         0x000003eb   Thumb Code     2  keiluvisoin_startup.o(.text)
    WTIMER4A_Handler                         0x000003ed   Thumb Code     2  keiluvisoin_startup.o(.text)
    WTIMER4B_Handler                         0x000003ef   Thumb Code     2  keiluvisoin_startup.o(.text)
    WTIMER5A_Handler                         0x000003f1   Thumb Code     2  keiluvisoin_startup.o(.text)
    WTIMER5B_Handler                         0x000003f3   Thumb Code     2  keiluvisoin_startup.o(.text)
    FPU_Handler                              0x000003f5   Thumb Code     2  keiluvisoin_startup.o(.text)
    I2C4_Handler                             0x000003f7   Thumb Code     2  keiluvisoin_startup.o(.text)
    I2C5_Handler                             0x000003f9   Thumb Code     2  keiluvisoin_startup.o(.text)
    GPIOM_Handler                            0x000003fb   Thumb Code     2  keiluvisoin_startup.o(.text)
    GPION_Handler                            0x000003fd   Thumb Code     2  keiluvisoin_startup.o(.text)
    QEI2_Handler                             0x000003ff   Thumb Code     2  keiluvisoin_startup.o(.text)
    GPIOP0_Handler                           0x00000401   Thumb Code     2  keiluvisoin_startup.o(.text)
    GPIOP1_Handler                           0x00000403   Thumb Code     2  keiluvisoin_startup.o(.text)
    GPIOP2_Handler                           0x00000405   Thumb Code     2  keiluvisoin_startup.o(.text)
    GPIOP3_Handler                           0x00000407   Thumb Code     2  keiluvisoin_startup.o(.text)
    GPIOP4_Handler                           0x00000409   Thumb Code     2  keiluvisoin_startup.o(.text)
    GPIOP5_Handler                           0x0000040b   Thumb Code     2  keiluvisoin_startup.o(.text)
    GPIOP6_Handler                           0x0000040d   Thumb Code     2  keiluvisoin_startup.o(.text)
    GPIOP7_Handler                           0x0000040f   Thumb Code     2  keiluvisoin_startup.o(.text)
    GPIOQ0_Handler                           0x00000411   Thumb Code     2  keiluvisoin_startup.o(.text)
    GPIOQ1_Handler                           0x00000413   Thumb Code     2  keiluvisoin_startup.o(.text)
    GPIOQ2_Handler                           0x00000415   Thumb Code     2  keiluvisoin_startup.o(.text)
    GPIOQ3_Handler                           0x00000417   Thumb Code     2  keiluvisoin_startup.o(.text)
    GPIOQ4_Handler                           0x00000419   Thumb Code     2  keiluvisoin_startup.o(.text)
    GPIOQ5_Handler                           0x0000041b   Thumb Code     2  keiluvisoin_startup.o(.text)
    GPIOQ6_Handler                           0x0000041d   Thumb Code     2  keiluvisoin_startup.o(.text)
    GPIOQ7_Handler                           0x0000041f   Thumb Code     2  keiluvisoin_startup.o(.text)
    GPIOR_Handler                            0x00000421   Thumb Code     2  keiluvisoin_startup.o(.text)
    GPIOS_Handler                            0x00000423   Thumb Code     2  keiluvisoin_startup.o(.text)
    PMW1_0_Handler                           0x00000425   Thumb Code     2  keiluvisoin_startup.o(.text)
    PWM1_1_Handler                           0x00000427   Thumb Code     2  keiluvisoin_startup.o(.text)
    PWM1_2_Handler                           0x00000429   Thumb Code     2  keiluvisoin_startup.o(.text)
    PWM1_3_Handler                           0x0000042b   Thumb Code     2  keiluvisoin_startup.o(.text)
    PWM1_FAULT_Handler                       0x0000042d   Thumb Code     2  keiluvisoin_startup.o(.text)
    ErrorHook                                0x00000439   Thumb Code     2  hook.o(.text)
    StartupHook                              0x0000043d   Thumb Code     2  hook.o(.text)
    PreTaskHook                              0x00000441   Thumb Code     2  hook.o(.text)
    PostTaskHook                             0x00000445   Thumb Code     2  hook.o(.text)
    StackOverFlowHook                        0x00000449   Thumb Code     2  hook.o(.text)
    DeclareAlarm                             0x0000044d   Thumb Code     2  alarm.o(.text)
    GetAlarmBase                             0x0000044f   Thumb Code    74  alarm.o(.text)
    GetAlarm                                 0x00000499   Thumb Code    80  alarm.o(.text)
    SetAbsAlarm                              0x00000569   Thumb Code    76  alarm.o(.text)
    SetRelAlarm                              0x000005b5   Thumb Code    94  alarm.o(.text)
    CancelAlarm                              0x00000613   Thumb Code    40  alarm.o(.text)
    SystemTimerHandler                       0x0000079f   Thumb Code    44  alarm.o(.text)
    StartOS                                  0x0000082d   Thumb Code    44  task.o(.text)
    ActivateTask                             0x00000859   Thumb Code    30  task.o(.text)
    TerminateTask                            0x00000877   Thumb Code    22  task.o(.text)
    ChainTask                                0x0000088d   Thumb Code    30  task.o(.text)
    Schedule                                 0x000008ab   Thumb Code    22  task.o(.text)
    GetTaskID                                0x000008c1   Thumb Code    16  task.o(.text)
    GetTaskState                             0x000008d1   Thumb Code    16  task.o(.text)
    SVC_Dispatcher                           0x000008e1   Thumb Code   160  task.o(.text)
    OsTask_IdleMechanism                     0x00000981   Thumb Code     4  task.o(.text)
    OsPort_JumpToApp                         0x00000995   Thumb Code     0  port.o(.text)
    OsPort_PendSVHandler                     0x000009b7   Thumb Code     0  port.o(.text)
    OsPort_PushUpperContext                  0x000009c9   Thumb Code     0  port.o(.text)
    OsPort_PopUpperContext                   0x000009d7   Thumb Code     0  port.o(.text)
    OsPort_ReturnWithAutopop                 0x000009e5   Thumb Code     0  port.o(.text)
    OsErrMgr_SetServiceID                    0x000009f1   Thumb Code     6  errmgr.o(.text)
    OsErrMgr_GetServiceID                    0x000009f7   Thumb Code     6  errmgr.o(.text)
    OsErrMgr_StoreTaskID                     0x000009fd   Thumb Code     6  errmgr.o(.text)
    OsErrMgr_GetTaskID                       0x00000a03   Thumb Code     6  errmgr.o(.text)
    OsErrMgr_StoreEventID                    0x00000a09   Thumb Code     6  errmgr.o(.text)
    OsErrMgr_GetEventID                      0x00000a0f   Thumb Code     6  errmgr.o(.text)
    OsErrMgr_StoreResID                      0x00000a15   Thumb Code     6  errmgr.o(.text)
    OsErrMgr_GetResID                        0x00000a1b   Thumb Code     6  errmgr.o(.text)
    OsErrMgr_SetOverFlowContext              0x00000a21   Thumb Code     8  errmgr.o(.text)
    OsErrMgr_GetOverFlowContext              0x00000a29   Thumb Code    14  errmgr.o(.text)
    OsRes_GetResourceProcessor               0x00000a4d   Thumb Code   136  rcbprocessor.o(.text)
    OsRcb_ReleaseResourceProcessor           0x00000ad5   Thumb Code   128  rcbprocessor.o(.text)
    SVCCnxt_SetErrCode                       0x00000b69   Thumb Code     6  svccontext.o(.text)
    SVCCnxt_GetErrCode                       0x00000b6f   Thumb Code     8  svccontext.o(.text)
    SVCCnxt_TskMgrSetTskID                   0x00000b77   Thumb Code     6  svccontext.o(.text)
    SVCCnxt_TskMgrGetTskID                   0x00000b7d   Thumb Code     8  svccontext.o(.text)
    SVCCnxt_EventMgrSetTskID                 0x00000b85   Thumb Code     6  svccontext.o(.text)
    SVCCnxt_EventMgrGetTskID                 0x00000b8b   Thumb Code     8  svccontext.o(.text)
    SVCCnxt_EventMgrSetEventMsk              0x00000b93   Thumb Code     6  svccontext.o(.text)
    SVCCnxt_EventMgrGetEventMsk              0x00000b99   Thumb Code     8  svccontext.o(.text)
    SVCCnxt_ResMgrSetResID                   0x00000ba1   Thumb Code     6  svccontext.o(.text)
    SVCCnxt_ResMgrGetResID                   0x00000ba7   Thumb Code     8  svccontext.o(.text)
    OsTcb_TasksInit                          0x00000d2b   Thumb Code    48  tcbprocessor.o(.text)
    OsTcb_GetTaskState                       0x00000d6f   Thumb Code    16  tcbprocessor.o(.text)
    OsTcb_GetTaskIDProcessor                 0x00000d7f   Thumb Code     6  tcbprocessor.o(.text)
    OsTcb_ActivateTaskTCBProcesor            0x00000d9f   Thumb Code   124  tcbprocessor.o(.text)
    OsTcb_GetResOccupied                     0x00000e5d   Thumb Code    16  tcbprocessor.o(.text)
    OsTcb_ChainTaskTCBProcessor              0x00000e6d   Thumb Code   178  tcbprocessor.o(.text)
    OsTcb_SetScheduleReq                     0x00000f1f   Thumb Code    18  tcbprocessor.o(.text)
    OsTcb_TerminateTaskTCBProcessor          0x00000f31   Thumb Code    82  tcbprocessor.o(.text)
    OsTcb_JumpToNextTCB                      0x00000f83   Thumb Code   248  tcbprocessor.o(.text)
    OsTcb_SetEventProcessor                  0x000010c3   Thumb Code   152  tcbprocessor.o(.text)
    OsTcb_ClearEventProcessor                0x0000115b   Thumb Code   128  tcbprocessor.o(.text)
    OsTcb_GetEventProcessor                  0x000011db   Thumb Code    92  tcbprocessor.o(.text)
    OsTcb_WaitEventProcessor                 0x00001237   Thumb Code   154  tcbprocessor.o(.text)
    OsTcb_GetTaskStateProcessor              0x000012d1   Thumb Code    60  tcbprocessor.o(.text)
    OsTcb_TaskAlrmExpiredProcessor           0x0000130d   Thumb Code    32  tcbprocessor.o(.text)
    OsTcb_EventAlrmExpiredProcessor          0x0000132d   Thumb Code    32  tcbprocessor.o(.text)
    OsTcb_SetTaskPri                         0x0000134d   Thumb Code    18  tcbprocessor.o(.text)
    OsTcb_GetTaskPriorityEx                  0x0000135f   Thumb Code    12  tcbprocessor.o(.text)
    OsTcb_SetResOccupied                     0x0000136b   Thumb Code    14  tcbprocessor.o(.text)
    OsTcb_GetCurrentTCBRef                   0x00001379   Thumb Code     8  tcbprocessor.o(.text)
    OsTcb_GetTcbSP                           0x00001381   Thumb Code    14  tcbprocessor.o(.text)
    OsTcb_UpdateTCBSP                        0x0000138f   Thumb Code    36  tcbprocessor.o(.text)
    OsTcb_UpdatePSP                          0x000013b3   Thumb Code    58  tcbprocessor.o(.text)
    OsTcb_SilencePostTaskHook                0x000013ed   Thumb Code     8  tcbprocessor.o(.text)
    OsTcb_ScheduleProcessor                  0x000013f5   Thumb Code    92  tcbprocessor.o(.text)
    OsTcb_ThreadStackOverFlow                0x00001451   Thumb Code    44  tcbprocessor.o(.text)
    OsPort_SetInitialStack                   0x000015f9   Thumb Code    90  portable.o(.text)
    OsPort_GetSVCNumber                      0x00001653   Thumb Code    14  portable.o(.text)
    OsPort_GetPSP                            0x00001661   Thumb Code     8  portable.o(.text)
    OsPort_SetPSP                            0x00001669   Thumb Code     6  portable.o(.text)
    OsPort_SetThreadMode                     0x0000166f   Thumb Code    14  portable.o(.text)
    __scatterload                            0x0000167d   Thumb Code    28  init.o(.text)
    __scatterload_rt2                        0x0000167d   Thumb Code     0  init.o(.text)
    __scatterload_copy                       0x000016a1   Thumb Code    14  handlers.o(i.__scatterload_copy)
    __scatterload_null                       0x000016af   Thumb Code     2  handlers.o(i.__scatterload_null)
    __scatterload_zeroinit                   0x000016b1   Thumb Code    14  handlers.o(i.__scatterload_zeroinit)
    OsCfg_ALL_STACK_SIZE                     0x000016be   Data           2  oscfg.o(.rodata.OsCfg_ALL_STACK_SIZE)
    OsCfg_MAX_NUM_OF_ALARMS                  0x000016c0   Data           1  oscfg.o(.rodata.OsCfg_MAX_NUM_OF_ALARMS)
    OsCfg_MAX_NUM_OF_RESOURCES               0x000016c1   Data           1  oscfg.o(.rodata.OsCfg_MAX_NUM_OF_RESOURCES)
    OsCfg_MAX_NUM_OF_TASKS                   0x000016c2   Data           1  oscfg.o(.rodata.OsCfg_MAX_NUM_OF_TASKS)
    OsCfg_ResourceCeilPri                    0x000016c3   Data           1  oscfg.o(.rodata.OsCfg_ResourceCeilPri)
    OsCfg_ResourceTaskAuthorized             0x000016c4   Data           1  oscfg.o(.rodata.OsCfg_ResourceTaskAuthorized)
    OsCfg_SYSTEM_TICK_IN_MS                  0x000016c8   Data           4  oscfg.o(.rodata.OsCfg_SYSTEM_TICK_IN_MS)
    OsCfg_StackSize                          0x000016cc   Data          12  oscfg.o(.rodata.OsCfg_StackSize)
    OsCfg_USE_ERROR_HOOK                     0x000016d8   Data           1  oscfg.o(.rodata.OsCfg_USE_ERROR_HOOK)
    OsCfg_USE_POSTTASK_HOOK                  0x000016d9   Data           1  oscfg.o(.rodata.OsCfg_USE_POSTTASK_HOOK)
    OsCfg_USE_PRETASK_HOOK                   0x000016da   Data           1  oscfg.o(.rodata.OsCfg_USE_PRETASK_HOOK)
    OsCfg_USE_STACK_OVER_FLOW_HOOK           0x000016db   Data           1  oscfg.o(.rodata.OsCfg_USE_STACK_OVER_FLOW_HOOK)
    OsCfg_USE_STARTUP_HOOK                   0x000016dc   Data           1  oscfg.o(.rodata.OsCfg_USE_STARTUP_HOOK)
    Region$$Table$$Base                      0x000016e0   Number         0  anon$$obj.o(Region$$Table)
    Region$$Table$$Limit                     0x00001700   Number         0  anon$$obj.o(Region$$Table)
    Current_TCB_Ref                          0x20000010   Data           4  tcbprocessor.o(.data)
    OsCfg_TCBs                               0x20000018   Data         112  oscfg.o(.data.OsCfg_TCBs)
    OsCfg_Alarms                             0x20000088   Data          24  oscfg.o(.bss.OsCfg_Alarms)
    OsCfg_Stack                              0x200000a0   Data         664  oscfg.o(.bss.OsCfg_Stack)
    RCB                                      0x2000033c   Data           2  oscfg.o(.bss.RCB)
    SVCCnxt_ErrCodes                         0x2000033e   Data           3  oscfg.o(.bss.SVCCnxt_ErrCodes)
    SVCCnxt_ResMgrCnxt                       0x20000341   Data           1  oscfg.o(.bss.SVCCnxt_ResMgrCnxt)
    TaskA_Counter                            0x20000344   Data           4  osekintro_example1.o(.bss.TaskA_Counter)
    TaskB_Counter                            0x20000348   Data           4  osekintro_example1.o(.bss.TaskB_Counter)
    TaskC_Counter                            0x2000034c   Data           4  osekintro_example1.o(.bss.TaskC_Counter)
    __initial_sp                             0x20000550   Data           0  keiluvisoin_startup.o(STACK)



==============================================================================

Memory Map of the image

  Image Entry point : 0x0000033d

  Load Region LR_1 (Base: 0x00000000, Size: 0x00001788, Max: 0xffffffff, ABSOLUTE)

    Execution Region ER_RO (Exec base: 0x00000000, Load base: 0x00000000, Size: 0x00001700, Max: 0xffffffff, ABSOLUTE)

    Exec Addr    Load Addr    Size         Type   Attr      Idx    E Section Name        Object

    0x00000000   0x00000000   0x0000026c   Data   RO           49    RESET               keiluvisoin_startup.o
    0x0000026c   0x0000026c   0x00000000   Code   RO          211  * .ARM.Collect$$$$00000000  mc_w.l(entry.o)
    0x0000026c   0x0000026c   0x00000004   Code   RO          214    .ARM.Collect$$$$00000001  mc_w.l(entry2.o)
    0x00000270   0x00000270   0x00000004   Code   RO          217    .ARM.Collect$$$$00000004  mc_w.l(entry5.o)
    0x00000274   0x00000274   0x00000000   Code   RO          219    .ARM.Collect$$$$00000008  mc_w.l(entry7b.o)
    0x00000274   0x00000274   0x00000000   Code   RO          221    .ARM.Collect$$$$0000000A  mc_w.l(entry8b.o)
    0x00000274   0x00000274   0x00000008   Code   RO          222    .ARM.Collect$$$$0000000B  mc_w.l(entry9a.o)
    0x0000027c   0x0000027c   0x00000000   Code   RO          224    .ARM.Collect$$$$0000000D  mc_w.l(entry10a.o)
    0x0000027c   0x0000027c   0x00000000   Code   RO          226    .ARM.Collect$$$$0000000F  mc_w.l(entry11a.o)
    0x0000027c   0x0000027c   0x00000004   Code   RO          215    .ARM.Collect$$$$00002712  mc_w.l(entry2.o)
    0x00000280   0x00000280   0x0000004e   Code   RO            1    .text               osekintro_example1.o
    0x000002ce   0x000002ce   0x00000002   PAD
    0x000002d0   0x000002d0   0x0000006c   Code   RO           39    .text               counter.o
    0x0000033c   0x0000033c   0x000000fc   Code   RO           50  * .text               keiluvisoin_startup.o
    0x00000438   0x00000438   0x00000012   Code   RO           56    .text               hook.o
    0x0000044a   0x0000044a   0x00000002   PAD
    0x0000044c   0x0000044c   0x000003e0   Code   RO           63    .text               OsekLib.lib(alarm.o)
    0x0000082c   0x0000082c   0x00000168   Code   RO          108    .text               OsekLib.lib(task.o)
    0x00000994   0x00000994   0x0000005a   Code   RO          138    .text               OsekLib.lib(port.o)
    0x000009ee   0x000009ee   0x00000002   PAD
    0x000009f0   0x000009f0   0x0000005c   Code   RO          141    .text               OsekLib.lib(errmgr.o)
    0x00000a4c   0x00000a4c   0x0000011c   Code   RO          155    .text               OsekLib.lib(rcbprocessor.o)
    0x00000b68   0x00000b68   0x00000058   Code   RO          167    .text               OsekLib.lib(svccontext.o)
    0x00000bc0   0x00000bc0   0x00000a38   Code   RO          181    .text               OsekLib.lib(tcbprocessor.o)
    0x000015f8   0x000015f8   0x00000084   Code   RO          196    .text               OsekLib.lib(portable.o)
    0x0000167c   0x0000167c   0x00000024   Code   RO          228    .text               mc_w.l(init.o)
    0x000016a0   0x000016a0   0x0000000e   Code   RO          232    i.__scatterload_copy  mc_w.l(handlers.o)
    0x000016ae   0x000016ae   0x00000002   Code   RO          233    i.__scatterload_null  mc_w.l(handlers.o)
    0x000016b0   0x000016b0   0x0000000e   Code   RO          234    i.__scatterload_zeroinit  mc_w.l(handlers.o)
    0x000016be   0x000016be   0x00000002   Data   RO           16    .rodata.OsCfg_ALL_STACK_SIZE  oscfg.o
    0x000016c0   0x000016c0   0x00000001   Data   RO           14    .rodata.OsCfg_MAX_NUM_OF_ALARMS  oscfg.o
    0x000016c1   0x000016c1   0x00000001   Data   RO           15    .rodata.OsCfg_MAX_NUM_OF_RESOURCES  oscfg.o
    0x000016c2   0x000016c2   0x00000001   Data   RO           13    .rodata.OsCfg_MAX_NUM_OF_TASKS  oscfg.o
    0x000016c3   0x000016c3   0x00000001   Data   RO           32    .rodata.OsCfg_ResourceCeilPri  oscfg.o
    0x000016c4   0x000016c4   0x00000001   Data   RO           31    .rodata.OsCfg_ResourceTaskAuthorized  oscfg.o
    0x000016c5   0x000016c5   0x00000003   PAD
    0x000016c8   0x000016c8   0x00000004   Data   RO           24    .rodata.OsCfg_SYSTEM_TICK_IN_MS  oscfg.o
    0x000016cc   0x000016cc   0x0000000c   Data   RO           27    .rodata.OsCfg_StackSize  oscfg.o
    0x000016d8   0x000016d8   0x00000001   Data   RO           17    .rodata.OsCfg_USE_ERROR_HOOK  oscfg.o
    0x000016d9   0x000016d9   0x00000001   Data   RO           19    .rodata.OsCfg_USE_POSTTASK_HOOK  oscfg.o
    0x000016da   0x000016da   0x00000001   Data   RO           18    .rodata.OsCfg_USE_PRETASK_HOOK  oscfg.o
    0x000016db   0x000016db   0x00000001   Data   RO           21    .rodata.OsCfg_USE_STACK_OVER_FLOW_HOOK  oscfg.o
    0x000016dc   0x000016dc   0x00000001   Data   RO           20    .rodata.OsCfg_USE_STARTUP_HOOK  oscfg.o
    0x000016dd   0x000016dd   0x00000003   PAD
    0x000016e0   0x000016e0   0x00000020   Data   RO          231    Region$$Table       anon$$obj.o


    Execution Region ER_RW (Exec base: 0x20000000, Load base: 0x00001700, Size: 0x00000088, Max: 0xffffffff, ABSOLUTE)

    Exec Addr    Load Addr    Size         Type   Attr      Idx    E Section Name        Object

    0x20000000   0x00001700   0x0000000c   Data   RW          142    .data               OsekLib.lib(errmgr.o)
    0x2000000c   0x0000170c   0x00000003   Data   RW          168    .data               OsekLib.lib(svccontext.o)
    0x2000000f   0x0000170f   0x00000001   PAD
    0x20000010   0x00001710   0x00000006   Data   RW          182    .data               OsekLib.lib(tcbprocessor.o)
    0x20000016   0x00001716   0x00000002   PAD
    0x20000018   0x00001718   0x00000070   Data   RW           26    .data.OsCfg_TCBs    oscfg.o


    Execution Region ER_ZI (Exec base: 0x20000088, Load base: 0x00001788, Size: 0x000004c8, Max: 0xffffffff, ABSOLUTE)

    Exec Addr    Load Addr    Size         Type   Attr      Idx    E Section Name        Object

    0x20000088        -       0x00000018   Zero   RW           30    .bss.OsCfg_Alarms   oscfg.o
    0x200000a0        -       0x00000298   Zero   RW           28    .bss.OsCfg_Stack    oscfg.o
    0x20000338        -       0x00000004   Zero   RW           41    .bss.OsCnt_SystemCounter  counter.o
    0x2000033c        -       0x00000002   Zero   RW           34    .bss.RCB            oscfg.o
    0x2000033e        -       0x00000003   Zero   RW           29    .bss.SVCCnxt_ErrCodes  oscfg.o
    0x20000341        -       0x00000001   Zero   RW           33    .bss.SVCCnxt_ResMgrCnxt  oscfg.o
    0x20000342   0x00001788   0x00000002   PAD
    0x20000344        -       0x00000004   Zero   RW            3    .bss.TaskA_Counter  osekintro_example1.o
    0x20000348        -       0x00000004   Zero   RW            4    .bss.TaskB_Counter  osekintro_example1.o
    0x2000034c        -       0x00000004   Zero   RW            5    .bss.TaskC_Counter  osekintro_example1.o
    0x20000350        -       0x00000200   Zero   RW           47    STACK               keiluvisoin_startup.o


==============================================================================

Image component sizes


      Code (inc. data)   RO Data    RW Data    ZI Data      Debug   Object Name

       108          0          0          0          4        819   counter.o
        18          0          0          0          0        968   hook.o
       252         10        620          0        512       5484   keiluvisoin_startup.o
         0          0         28        112        694       3043   oscfg.o
        78          0          0          0         12       1379   osekintro_example1.o

    ----------------------------------------------------------------------
       460         10        686        112       1224      11693   Object Totals
         0          0         32          0          0          0   (incl. Generated)
         4          0          6          0          2          0   (incl. Padding)

    ----------------------------------------------------------------------

      Code (inc. data)   RO Data    RW Data    ZI Data      Debug   Library Member Name

       992         20          0          0          0      14592   alarm.o
        92         22          0         12          0       2466   errmgr.o
        90          0          0          0          0        256   port.o
       132          0          0          0          0       1602   portable.o
       284         20          0          0          0        864   rcbprocessor.o
        88         18          0          3          0       2614   svccontext.o
       360         26          0          0          0       2903   task.o
      2616        114          0          6          0      10812   tcbprocessor.o
         0          0          0          0          0          0   entry.o
         0          0          0          0          0          0   entry10a.o
         0          0          0          0          0          0   entry11a.o
         8          4          0          0          0          0   entry2.o
         4          0          0          0          0          0   entry5.o
         0          0          0          0          0          0   entry7b.o
         0          0          0          0          0          0   entry8b.o
         8          4          0          0          0          0   entry9a.o
        30          0          0          0          0          0   handlers.o
        36          8          0          0          0         68   init.o

    ----------------------------------------------------------------------
      4742        236          0         24          0      36177   Library Totals
         2          0          0          3          0          0   (incl. Padding)

    ----------------------------------------------------------------------

      Code (inc. data)   RO Data    RW Data    ZI Data      Debug   Library Name

      4654        220          0         21          0      36109   OsekLib.lib
        86         16          0          0          0         68   mc_w.l

    ----------------------------------------------------------------------
      4742        236          0         24          0      36177   Library Totals

    ----------------------------------------------------------------------

==============================================================================


      Code (inc. data)   RO Data    RW Data    ZI Data      Debug   

      5202        246        686        136       1224      47358   Grand Totals
      5202        246        686        136       1224      47358   ELF Image Totals
      5202        246        686        136          0          0   ROM Totals

==============================================================================

    Total RO  Size (Code + RO Data)                 5888 (   5.75kB)
    Total RW  Size (RW Data + ZI Data)              1360 (   1.33kB)
    Total ROM Size (Code + RO Data + RW Data)       6024 (   5.88kB)

==============================================================================

